\BOOKMARK [0][-]{chapter.1}{\376\377\000T\000h\000e\000\040\000f\000u\000n\000d\000a\000m\000e\000n\000t\000a\000l\000s\000:\000\040\000S\000e\000t\000s\000\040\000a\000n\000d\000\040\000n\000u\000m\000b\000e\000r\000s}{}% 1
\BOOKMARK [1][-]{section.1.1}{\376\377\000I\000n\000t\000r\000o\000d\000u\000c\000t\000i\000o\000n}{chapter.1}% 2
\BOOKMARK [2][-]{subsection.1.1.1}{\376\377\000W\000h\000y\000\040\000l\000e\000a\000r\000n\000\040\000m\000a\000t\000h\000e\000m\000a\000t\000i\000c\000s\000?}{section.1.1}% 3
\BOOKMARK [2][-]{subsection.1.1.2}{\376\377\000W\000h\000a\000t\000\040\000i\000s\000\040\000m\000a\000t\000h\000e\000m\000a\000t\000i\000c\000s\000?}{section.1.1}% 4
\BOOKMARK [1][-]{section.1.2}{\376\377\000P\000r\000e\000l\000i\000m\000i\000n\000a\000r\000y\000\040\000n\000o\000t\000e\000s}{chapter.1}% 5
\BOOKMARK [2][-]{subsection.1.2.1}{\376\377\000B\000a\000s\000i\000c\000\040\000s\000e\000t\000\040\000n\000o\000t\000a\000t\000i\000o\000n}{section.1.2}% 6
\BOOKMARK [2][-]{subsection.1.2.2}{\376\377\000F\000u\000n\000c\000t\000i\000o\000n\000s}{section.1.2}% 7
\BOOKMARK [1][-]{section.1.3}{\376\377\000N\000u\000m\000b\000e\000r\000s}{chapter.1}% 8
\BOOKMARK [2][-]{subsection.1.3.1}{\376\377\000T\000h\000e\000\040\000i\000n\000t\000e\000g\000e\000r\000s\000,\000\040\000t\000h\000e\000\040\000r\000a\000t\000i\000o\000n\000a\000l\000s\000,\000\040\000a\000n\000d\000\040\000t\000h\000e\000\040\000r\000e\000a\000l\000s}{section.1.3}% 9
\BOOKMARK [2][-]{subsection.1.3.2}{\376\377\000C\000o\000m\000p\000l\000e\000x\000\040\000n\000u\000m\000b\000e\000r\000s}{section.1.3}% 10
\BOOKMARK [2][-]{subsection.1.3.3}{\376\377\000G\000e\000o\000m\000e\000t\000r\000i\000c\000\040\000i\000n\000t\000e\000r\000p\000r\000e\000t\000a\000t\000i\000o\000n}{section.1.3}% 11
\BOOKMARK [2][-]{subsection.1.3.4}{\376\377\000F\000u\000n\000d\000a\000m\000e\000n\000t\000a\000l\000\040\000t\000h\000e\000o\000r\000e\000m\000\040\000o\000f\000\040\000a\000l\000g\000e\000b\000r\000a}{section.1.3}% 12
\BOOKMARK [0][-]{chapter.2}{\376\377\000L\000i\000n\000e\000a\000r\000\040\000a\000l\000g\000e\000b\000r\000a}{}% 13
\BOOKMARK [1][-]{section.2.1}{\376\377\000F\000i\000n\000i\000t\000e\000\040\000d\000i\000m\000e\000n\000s\000i\000o\000n\000a\000l\000\040\000v\000e\000c\000t\000o\000r\000\040\000s\000p\000a\000c\000e\000s}{chapter.2}% 14
\BOOKMARK [2][-]{subsection.2.1.1}{\376\377\000E\000u\000c\000l\000i\000d\000e\000a\000n\000\040\000s\000p\000a\000c\000e}{section.2.1}% 15
\BOOKMARK [2][-]{subsection.2.1.2}{\376\377\000V\000i\000s\000u\000a\000l\000i\000z\000a\000t\000i\000o\000n\000\040\000i\000n\000\040\000t\000h\000e\000\040\000p\000l\000a\000n\000e}{section.2.1}% 16
\BOOKMARK [2][-]{subsection.2.1.3}{\376\377\000L\000i\000n\000e\000a\000r\000\040\000t\000r\000a\000n\000s\000f\000o\000r\000m\000a\000t\000i\000o\000n\000s}{section.2.1}% 17
\BOOKMARK [2][-]{subsection.2.1.4}{\376\377\000G\000e\000n\000e\000r\000a\000l\000\040\000v\000e\000c\000t\000o\000r\000\040\000s\000p\000a\000c\000e\000s}{section.2.1}% 18
\BOOKMARK [1][-]{section.2.2}{\376\377\000I\000n\000n\000e\000r\000\040\000p\000r\000o\000d\000u\000c\000t\000\040\000s\000p\000a\000c\000e\000s}{chapter.2}% 19
\BOOKMARK [2][-]{subsection.2.2.1}{\376\377\000L\000i\000n\000e\000a\000r\000\040\000s\000u\000b\000s\000p\000a\000c\000e\000s}{section.2.2}% 20
\BOOKMARK [2][-]{subsection.2.2.2}{\376\377\000D\000i\000r\000a\000c\000'\000s\000\040\000b\000r\000a\000-\000k\000e\000t\000\040\000n\000o\000t\000a\000t\000i\000o\000n}{section.2.2}% 21
\BOOKMARK [1][-]{section.2.3}{\376\377\000M\000a\000t\000r\000i\000c\000e\000s}{chapter.2}% 22
\BOOKMARK [2][-]{subsection.2.3.1}{\376\377\000C\000o\000l\000u\000m\000n\000\040\000s\000p\000a\000c\000e\000,\000\040\000r\000o\000w\000\040\000s\000p\000a\000c\000e\000,\000\040\000r\000a\000n\000k}{section.2.3}% 23
\BOOKMARK [2][-]{subsection.2.3.2}{\376\377\000S\000y\000s\000t\000e\000m\000s\000\040\000o\000f\000\040\000l\000i\000n\000e\000a\000r\000\040\000e\000q\000u\000a\000t\000i\000o\000n\000s}{section.2.3}% 24
\BOOKMARK [2][-]{subsection.2.3.3}{\376\377\000G\000a\000u\000s\000s\000i\000a\000n\000\040\000e\000l\000i\000m\000i\000n\000a\000t\000i\000o\000n}{section.2.3}% 25
\BOOKMARK [2][-]{subsection.2.3.4}{\376\377\000M\000a\000t\000r\000i\000x\000\040\000p\000o\000w\000e\000r\000s}{section.2.3}% 26
\BOOKMARK [2][-]{subsection.2.3.5}{\376\377\000C\000l\000a\000s\000s\000e\000s\000\040\000o\000f\000\040\000o\000p\000e\000r\000a\000t\000o\000r\000s}{section.2.3}% 27
\BOOKMARK [2][-]{subsection.2.3.6}{\376\377\000T\000h\000e\000\040\000e\000i\000g\000e\000n\000v\000a\000l\000u\000e\000\040\000d\000e\000c\000o\000m\000p\000o\000s\000i\000t\000i\000o\000n}{section.2.3}% 28
\BOOKMARK [2][-]{subsection.2.3.7}{\376\377\000S\000i\000n\000g\000u\000l\000a\000r\000\040\000v\000a\000l\000u\000e\000\040\000d\000e\000c\000o\000m\000p\000o\000s\000i\000t\000i\000o\000n}{section.2.3}% 29
\BOOKMARK [0][-]{chapter.3}{\376\377\000T\000o\000p\000o\000l\000o\000g\000i\000e\000s\000\040\000o\000n\000\040\000v\000e\000c\000t\000o\000r\000\040\000s\000p\000a\000c\000e\000s}{}% 30
\BOOKMARK [1][-]{section.3.1}{\376\377\000T\000h\000e\000\040\000n\000o\000t\000i\000o\000n\000\040\000o\000f\000\040\000a\000\040\000t\000o\000p\000o\000l\000o\000g\000y}{chapter.3}% 31
\BOOKMARK [1][-]{section.3.2}{\376\377\000M\000e\000t\000r\000i\000c\000\040\000s\000p\000a\000c\000e\000\040\000h\000i\000e\000r\000a\000r\000c\000h\000y}{chapter.3}% 32
\BOOKMARK [2][-]{subsection.3.2.1}{\376\377\000I\000n\000n\000e\000r\000\040\000p\000r\000o\000d\000u\000c\000t\000\040\000s\000p\000a\000c\000e\000s}{section.3.2}% 33
\BOOKMARK [2][-]{subsection.3.2.2}{\376\377\000N\000o\000r\000m\000e\000d\000\040\000s\000p\000a\000c\000e\000s}{section.3.2}% 34
\BOOKMARK [2][-]{subsection.3.2.3}{\376\377\000A\000n\000g\000l\000e\000s\000\040\000b\000e\000t\000w\000e\000e\000n\000\040\000v\000e\000c\000t\000o\000r\000s}{section.3.2}% 35
\BOOKMARK [2][-]{subsection.3.2.4}{\376\377\000M\000e\000t\000r\000i\000c\000\040\000s\000p\000a\000c\000e\000s}{section.3.2}% 36
\BOOKMARK [2][-]{subsection.3.2.5}{\376\377\000M\000e\000t\000r\000i\000c\000\040\000s\000p\000a\000c\000e\000s\000\040\000i\000n\000c\000l\000u\000d\000e\000\040\000n\000o\000r\000m\000e\000d\000\040\000s\000p\000a\000c\000e\000s\000\040\000a\000n\000d\000\040\000i\000n\000n\000e\000r\000\040\000p\000r\000o\000d\000u\000c\000t\000\040\000s\000p\000a\000c\000e\000s}{section.3.2}% 37
\BOOKMARK [1][-]{section.3.3}{\376\377\000S\000o\000m\000e\000\040\000t\000o\000p\000o\000l\000o\000g\000i\000c\000a\000l\000\040\000n\000o\000t\000i\000o\000n\000s}{chapter.3}% 38
\BOOKMARK [2][-]{subsection.3.3.1}{\376\377\000S\000e\000q\000u\000e\000n\000c\000e\000s\000\040\000a\000n\000d\000\040\000l\000i\000m\000i\000t\000s}{section.3.3}% 39
\BOOKMARK [2][-]{subsection.3.3.2}{\376\377\000T\000o\000p\000o\000l\000o\000g\000i\000c\000a\000l\000l\000y\000\040\000i\000m\000p\000o\000r\000t\000a\000n\000t\000\040\000s\000e\000t\000s}{section.3.3}% 40
\BOOKMARK [2][-]{subsection.3.3.3}{\376\377\000C\000o\000n\000t\000i\000n\000u\000i\000t\000y}{section.3.3}% 41
\BOOKMARK [2][-]{subsection.3.3.4}{\376\377\000C\000o\000m\000p\000a\000c\000t\000n\000e\000s\000s}{section.3.3}% 42
\BOOKMARK [2][-]{subsection.3.3.5}{\376\377\000M\000o\000v\000e\000\040\000m\000e}{section.3.3}% 43
\BOOKMARK [2][-]{subsection.3.3.6}{\376\377\000L\000i\000m\000i\000t\000s\000\040\000a\000n\000d\000\040\000c\000o\000n\000t\000i\000n\000u\000i\000t\000y}{section.3.3}% 44
\BOOKMARK [0][-]{chapter.4}{\376\377\000M\000e\000a\000s\000u\000r\000e\000\040\000a\000n\000d\000\040\000i\000n\000t\000e\000g\000r\000a\000t\000i\000o\000n\000\040\000t\000h\000e\000o\000r\000y\000\040\000\050\000s\000u\000p\000p\000o\000r\000t\000i\000n\000g\000\040\000m\000a\000t\000e\000r\000i\000a\000l\000,\000\040\000n\000o\000t\000\040\000l\000e\000c\000t\000u\000r\000e\000d\000\051}{}% 45
\BOOKMARK [1][-]{section.4.1}{\376\377\000M\000e\000a\000s\000u\000r\000a\000b\000l\000e\000\040\000s\000e\000t\000s}{chapter.4}% 46
\BOOKMARK [1][-]{section.4.2}{\376\377\000M\000e\000a\000s\000u\000r\000e}{chapter.4}% 47
\BOOKMARK [1][-]{section.4.3}{\376\377\000T\000h\000e\000\040\000i\000n\000t\000e\000g\000r\000a\000l}{chapter.4}% 48
\BOOKMARK [1][-]{section.4.4}{\376\377\000L\000e\000b\000e\000s\000g\000u\000e\000\040\000m\000e\000a\000s\000u\000r\000e\000\040\000a\000n\000d\000\040\000t\000h\000e\000\040\000L\000e\000b\000e\000s\000g\000u\000e\000\040\000i\000n\000t\000e\000g\000r\000a\000l}{chapter.4}% 49
\BOOKMARK [1][-]{section.4.5}{\376\377\000L\000e\000b\000e\000s\000g\000u\000e\000\040\000s\000p\000a\000c\000e\000s}{chapter.4}% 50
\BOOKMARK [0][-]{chapter.5}{\376\377\000F\000u\000n\000c\000t\000i\000o\000n\000a\000l\000\040\000a\000n\000a\000l\000y\000s\000i\000s}{}% 51
\BOOKMARK [1][-]{section.5.1}{\376\377\000I\000n\000f\000i\000n\000i\000t\000e\000\040\000d\000i\000m\000e\000n\000s\000i\000o\000n\000s}{chapter.5}% 52
\BOOKMARK [2][-]{subsection.5.1.1}{\376\377\000I\000n\000t\000r\000o\000d\000u\000c\000i\000n\000g\000\040\000i\000n\000f\000i\000n\000i\000t\000e\000\040\000d\000i\000m\000e\000n\000s\000i\000o\000n\000s}{section.5.1}% 53
\BOOKMARK [2][-]{subsection.5.1.2}{\376\377\000B\000a\000n\000a\000c\000h\000\040\000s\000p\000a\000c\000e\000s\000\040\000a\000n\000d\000\040\000H\000i\000l\000b\000e\000r\000t\000\040\000s\000p\000a\000c\000e\000s}{section.5.1}% 54
\BOOKMARK [1][-]{section.5.2}{\376\377\000L\000p\000\040\000s\000p\000a\000c\000e\000s\000\040\000\050\000L\000e\000b\000e\000s\000g\000u\000e\000\040\000s\000p\000a\000c\000e\000s\000\051}{chapter.5}% 55
\BOOKMARK [2][-]{subsection.5.2.1}{\376\377\000T\000h\000e\000\040\000w\000e\000a\000k\000\040\000d\000e\000r\000i\000v\000a\000t\000i\000v\000e}{section.5.2}% 56
\BOOKMARK [2][-]{subsection.5.2.2}{\376\377\000S\000o\000b\000o\000l\000e\000v\000\040\000s\000p\000a\000c\000e\000s}{section.5.2}% 57
\BOOKMARK [1][-]{section.5.3}{\376\377\000H\000i\000l\000b\000e\000r\000t\000\040\000s\000p\000a\000c\000e\000s}{chapter.5}% 58
\BOOKMARK [2][-]{subsection.5.3.1}{\376\377\000L\0002\000\040\040\023\000\040\000t\000h\000e\000\040\000s\000q\000u\000a\000r\000e\000\040\000i\000n\000t\000e\000g\000r\000a\000b\000l\000e\000\040\000f\000u\000n\000c\000t\000i\000o\000n\000s}{section.5.3}% 59
\BOOKMARK [2][-]{subsection.5.3.2}{\376\377\0002\000\040\040\023\000\040\000t\000h\000e\000\040\000a\000r\000c\000h\000e\000t\000y\000p\000a\000l\000\040\000s\000e\000p\000a\000r\000a\000b\000l\000e\000\040\000H\000i\000l\000b\000e\000r\000t\000\040\000s\000p\000a\000c\000e}{section.5.3}% 60
\BOOKMARK [2][-]{subsection.5.3.3}{\376\377\000E\000x\000i\000s\000t\000e\000n\000c\000e\000\040\000o\000f\000\040\000o\000r\000t\000h\000o\000n\000o\000r\000m\000a\000l\000\040\000b\000a\000s\000e\000s}{section.5.3}% 61
\BOOKMARK [1][-]{section.5.4}{\376\377\000L\000i\000n\000e\000a\000r\000\040\000t\000r\000a\000n\000s\000f\000o\000r\000m\000a\000t\000i\000o\000n\000s}{chapter.5}% 62
\BOOKMARK [2][-]{subsection.5.4.1}{\376\377\000C\000o\000m\000p\000a\000c\000t\000\040\000o\000p\000e\000r\000a\000t\000o\000r\000s}{section.5.4}% 63
\BOOKMARK [1][-]{section.5.5}{\376\377\000O\000p\000e\000r\000a\000t\000o\000r\000s\000\040\000o\000v\000e\000r\000\040\000s\000e\000p\000a\000r\000a\000b\000l\000e\000\040\000H\000i\000l\000b\000e\000r\000t\000\040\000s\000p\000a\000c\000e\000s}{chapter.5}% 64
\BOOKMARK [2][-]{subsection.5.5.1}{\376\377\000B\000o\000u\000n\000d\000e\000d\000\040\000o\000p\000e\000r\000a\000t\000o\000r\000s}{section.5.5}% 65
\BOOKMARK [2][-]{subsection.5.5.2}{\376\377\000U\000n\000b\000o\000u\000n\000d\000e\000d\000\040\000o\000p\000e\000r\000a\000t\000o\000r\000s}{section.5.5}% 66
\BOOKMARK [1][-]{section.5.6}{\376\377\000T\000h\000e\000\040\000s\000p\000e\000c\000t\000r\000a\000l\000\040\000t\000h\000e\000o\000r\000e\000m\000\040\000f\000o\000r\000\040\000s\000e\000l\000f\000-\000a\000d\000j\000o\000i\000n\000t\000\040\000o\000p\000e\000r\000a\000t\000o\000r\000s}{chapter.5}% 67
\BOOKMARK [1][-]{section.5.7}{\376\377\000S\000e\000l\000f\000-\000a\000d\000j\000o\000i\000n\000t\000\040\000o\000p\000e\000r\000a\000t\000o\000r\000s\000\040\000a\000n\000d\000\040\000q\000u\000a\000n\000t\000u\000m\000\040\000m\000e\000c\000h\000a\000n\000i\000c\000s}{chapter.5}% 68
\BOOKMARK [2][-]{subsection.5.7.1}{\376\377\000H\000i\000l\000b\000e\000r\000t\000\040\000S\000o\000b\000o\000l\000e\000v\000\040\000s\000p\000a\000c\000e\000s}{section.5.7}% 69
\BOOKMARK [2][-]{subsection.5.7.2}{\376\377\000W\000e\000a\000k\000\040\000f\000o\000r\000m\000u\000l\000a\000t\000i\000o\000n\000\040\000o\000f\000\040\000t\000h\000e\000\040\000S\000c\000h\000r\000o\000d\000i\000n\000g\000e\000r\000\040\000e\000q\000u\000a\000t\000i\000o\000n}{section.5.7}% 70
\BOOKMARK [1][-]{section.5.8}{\376\377\000T\000h\000e\000\040\000F\000o\000u\000r\000i\000e\000r\000\040\000t\000r\000a\000n\000s\000f\000o\000r\000m}{chapter.5}% 71
\BOOKMARK [2][-]{subsection.5.8.1}{\376\377\000F\000o\000u\000r\000i\000e\000r\000\040\000t\000r\000a\000n\000f\000o\000r\000m\000\040\000f\000o\000r\000\040\000f\000u\000n\000c\000t\000i\000o\000n\000s\000\040\000o\000v\000e\000r\000\040\000R\000n}{section.5.8}% 72
\BOOKMARK [2][-]{subsection.5.8.2}{\376\377\000F\000o\000u\000r\000i\000e\000r\000\040\000s\000e\000r\000i\000e\000s\000\040\000a\000n\000d\000\040\000p\000e\000r\000i\000o\000d\000i\000c\000\040\000F\000o\000u\000r\000i\000e\000r\000\040\000t\000r\000a\000n\000s\000f\000o\000r\000m}{section.5.8}% 73
\BOOKMARK [2][-]{subsection.5.8.3}{\376\377\000D\000i\000s\000c\000r\000e\000t\000e\000\040\000F\000o\000u\000r\000i\000e\000r\000\040\000T\000r\000a\000n\000s\000f\000o\000r\000m}{section.5.8}% 74
\BOOKMARK [2][-]{subsection.5.8.4}{\376\377\000T\000h\000e\000\040\000F\000a\000s\000t\000\040\000F\000o\000u\000r\000i\000e\000r\000\040\000T\000r\000a\000n\000s\000f\000o\000r\000m}{section.5.8}% 75
\BOOKMARK [1][-]{section.5.9}{\376\377\000D\000i\000s\000t\000r\000i\000b\000u\000t\000i\000o\000n\000s}{chapter.5}% 76
\BOOKMARK [0][-]{chapter.6}{\376\377\000F\000u\000n\000c\000t\000i\000o\000n\000s\000\040\000o\000f\000\040\000s\000e\000v\000e\000r\000a\000l\000\040\000v\000a\000r\000i\000a\000b\000l\000e\000s\000\040\000a\000n\000d\000\040\000c\000o\000m\000p\000l\000e\000x\000\040\000v\000a\000r\000i\000a\000b\000l\000e\000s}{}% 77
\BOOKMARK [1][-]{section.6.1}{\376\377\000I\000n\000t\000r\000o\000d\000u\000c\000t\000o\000r\000y\000\040\000r\000e\000m\000a\000r\000k\000s}{chapter.6}% 78
\BOOKMARK [1][-]{section.6.2}{\376\377\000S\000i\000n\000g\000l\000e\000-\000v\000a\000r\000i\000a\000b\000l\000e\000\040\000f\000u\000n\000c\000t\000i\000o\000n\000s}{chapter.6}% 79
\BOOKMARK [1][-]{section.6.3}{\376\377\000F\000u\000n\000c\000t\000i\000o\000n\000s\000\040\000o\000f\000\040\000s\000e\000v\000e\000r\000a\000l\000\040\000v\000a\000r\000i\000a\000b\000l\000e\000s}{chapter.6}% 80
\BOOKMARK [2][-]{subsection.6.3.1}{\376\377\000G\000e\000o\000m\000e\000t\000r\000y\000\040\000o\000f\000\040\000r\000e\000a\000l\000-\000v\000a\000l\000u\000e\000d\000\040\000f\000u\000n\000c\000t\000i\000o\000n\000s}{section.6.3}% 81
\BOOKMARK [2][-]{subsection.6.3.2}{\376\377\000D\000i\000f\000f\000e\000r\000e\000n\000t\000i\000a\000b\000i\000l\000i\000t\000y}{section.6.3}% 82
\BOOKMARK [2][-]{subsection.6.3.3}{\376\377\000H\000i\000g\000h\000e\000r\000\040\000d\000e\000r\000i\000v\000a\000t\000i\000v\000e\000s}{section.6.3}% 83
\BOOKMARK [2][-]{subsection.6.3.4}{\376\377\000T\000a\000y\000l\000o\000r\000'\000s\000\040\000T\000h\000e\000o\000r\000e\000m}{section.6.3}% 84
\BOOKMARK [2][-]{subsection.6.3.5}{\376\377\000M\000a\000x\000i\000m\000a\000\040\000a\000n\000d\000\040\000m\000i\000n\000i\000m\000a}{section.6.3}% 85
\BOOKMARK [2][-]{subsection.6.3.6}{\376\377\000I\000n\000t\000e\000g\000r\000a\000t\000i\000o\000n}{section.6.3}% 86
\BOOKMARK [1][-]{section.6.4}{\376\377\000T\000h\000e\000\040\000t\000o\000o\000l\000s\000\040\000o\000f\000\040\000c\000a\000l\000c\000u\000l\000u\000s\000\040\000[\000m\000o\000v\000e\000/\000e\000d\000i\000t\000\040\000t\000h\000i\000s\000\040\000m\000a\000t\000e\000r\000i\000a\000l\000]}{chapter.6}% 87
\BOOKMARK [2][-]{subsection.6.4.1}{\376\377\000D\000i\000f\000f\000e\000r\000e\000n\000t\000i\000a\000t\000i\000o\000n}{section.6.4}% 88
\BOOKMARK [2][-]{subsection.6.4.2}{\376\377\000I\000n\000t\000e\000g\000r\000a\000t\000i\000o\000n}{section.6.4}% 89
\BOOKMARK [1][-]{section.6.5}{\376\377\000C\000o\000m\000p\000l\000e\000x\000\040\000a\000n\000a\000l\000y\000s\000i\000s}{chapter.6}% 90
\BOOKMARK [2][-]{subsection.6.5.1}{\376\377\000C\000o\000m\000p\000l\000e\000x\000\040\000a\000l\000g\000e\000b\000r\000a}{section.6.5}% 91
\BOOKMARK [2][-]{subsection.6.5.2}{\376\377\000C\000o\000m\000p\000l\000e\000x\000\040\000d\000i\000f\000f\000e\000r\000e\000n\000t\000i\000a\000b\000i\000l\000i\000t\000y}{section.6.5}% 92
\BOOKMARK [2][-]{subsection.6.5.3}{\376\377\000S\000e\000r\000i\000e\000s\000\040\000o\000f\000\040\000c\000o\000m\000p\000l\000e\000x\000\040\000n\000u\000m\000b\000e\000r\000s}{section.6.5}% 93
\BOOKMARK [2][-]{subsection.6.5.4}{\376\377\000A\000n\000a\000l\000y\000t\000i\000c\000i\000t\000y}{section.6.5}% 94
\BOOKMARK [2][-]{subsection.6.5.5}{\376\377\000C\000o\000m\000p\000l\000e\000x\000\040\000l\000i\000n\000e\000\040\000i\000n\000t\000e\000g\000r\000a\000l\000s}{section.6.5}% 95
\BOOKMARK [2][-]{subsection.6.5.6}{\376\377\000L\000a\000u\000r\000e\000n\000t\000\040\000s\000e\000r\000i\000e\000s}{section.6.5}% 96
\BOOKMARK [2][-]{subsection.6.5.7}{\376\377\000I\000s\000o\000l\000a\000t\000e\000d\000\040\000s\000i\000n\000g\000u\000l\000a\000r\000i\000t\000i\000e\000s}{section.6.5}% 97
\BOOKMARK [2][-]{subsection.6.5.8}{\376\377\000A\000l\000g\000e\000b\000r\000a\000i\000c\000\040\000f\000u\000n\000c\000t\000i\000o\000n\000s}{section.6.5}% 98
